lecture 6 - tables etc.
